// Jest Snapshot v1, https://goo.gl/fbAQLP

exports[`matches snapshot with logo 1`] = `<DocumentFragment />`;

exports[`matches snapshot without logo 1`] = `<DocumentFragment />`;
